#-----------------------------------------------------------
# Webtalk v2020.2 (64-bit)
# SW Build 3064766 on Wed Nov 18 09:12:45 MST 2020
# IP Build 3064653 on Wed Nov 18 14:17:31 MST 2020
# Start of session at: Sat Dec 26 02:27:09 2020
# Process ID: 16776
# Current directory: C:/Users/rafat/OneDrive/Documents/FPGA/projects/D_flip_flop/DFF_test/DFF_test.sim/sim_1/behav/xsim
# Command line: wbtcv.exe -mode batch -source C:/Users/rafat/OneDrive/Documents/FPGA/projects/D_flip_flop/DFF_test/DFF_test.sim/sim_1/behav/xsim/xsim.dir/DFF_testbench_behav/webtalk/xsim_webtalk.tcl -notrace
# Log file: C:/Users/rafat/OneDrive/Documents/FPGA/projects/D_flip_flop/DFF_test/DFF_test.sim/sim_1/behav/xsim/webtalk.log
# Journal file: C:/Users/rafat/OneDrive/Documents/FPGA/projects/D_flip_flop/DFF_test/DFF_test.sim/sim_1/behav/xsim\webtalk.jou
#-----------------------------------------------------------
source C:/Users/rafat/OneDrive/Documents/FPGA/projects/D_flip_flop/DFF_test/DFF_test.sim/sim_1/behav/xsim/xsim.dir/DFF_testbench_behav/webtalk/xsim_webtalk.tcl -notrace
